// Jest Snapshot v1, https://goo.gl/fbAQLP

exports[`<WebViewLeaflet> renders correctly 1`] = `undefined`;
